// Jest Snapshot v1, https://goo.gl/fbAQLP

exports[`Testing <TodoAdd /> should render correctly 1`] = `
<Fragment>
  <h4>
    Agregar ToDo
  </h4>
  <hr />
  <form
    className="d-grid"
    onSubmit={[Function]}
  >
    <input
      autoComplete="off"
      className="form-control"
      name="description"
      onChange={[Function]}
      placeholder="Aprender..."
      type="text"
      value=""
    />
    <button
      className="btn btn-outline-primary mt-1 d-grid"
      type="submit"
    >
      Agregar
    </button>
  </form>
</Fragment>
`;
