// Jest Snapshot v1, https://goo.gl/fbAQLP

exports[`Testing <MultipleCustomHooks /> should be render correctly 1`] = `
<div>
  <h1>
    BreakingBad Quotes
  </h1>
  <hr />
  <div
    className="alert alert-info text-center"
  >
     Loading... 
  </div>
  <button
    className="btn btn-primary"
    onClick={[Function]}
  >
    Next quote
  </button>
</div>
`;
