// Jest Snapshot v1, https://goo.gl/fbAQLP

exports[`Testing <HomeScreen /> should render correctly 1`] = `
<div>
  <h1>
    Home Screen
  </h1>
  <hr />
  <pre>
    {
   "name": "Patito",
   "email": "pati@pati.com"
}
  </pre>
</div>
`;
